[     213ms] [INFO] %cDownload the React DevTools for a better development experience: https://reactjs.org/link/react-devtools font-weight:bold @ http://localhost:5173/node_modules/.vite/deps/react-dom_client.js?v=e57639b2:21550
[     259ms] ReferenceError: React is not defined
    at App (http://localhost:5173/src/App.jsx:73:5)
    at renderWithHooks (http://localhost:5173/node_modules/.vite/deps/react-dom_client.js?v=e57639b2:11548:26)
    at mountIndeterminateComponent (http://localhost:5173/node_modules/.vite/deps/react-dom_client.js?v=e57639b2:14926:21)
    at beginWork (http://localhost:5173/node_modules/.vite/deps/react-dom_client.js?v=e57639b2:15914:22)
    at HTMLUnknownElement.callCallback2 (http://localhost:5173/node_modules/.vite/deps/react-dom_client.js?v=e57639b2:3674:22)
    at Object.invokeGuardedCallbackDev (http://localhost:5173/node_modules/.vite/deps/react-dom_client.js?v=e57639b2:3699:24)
    at invokeGuardedCallback (http://localhost:5173/node_modules/.vite/deps/react-dom_client.js?v=e57639b2:3733:39)
    at beginWork$1 (http://localhost:5173/node_modules/.vite/deps/react-dom_client.js?v=e57639b2:19765:15)
    at performUnitOfWork (http://localhost:5173/node_modules/.vite/deps/react-dom_client.js?v=e57639b2:19201:20)
    at workLoopSync (http://localhost:5173/node_modules/.vite/deps/react-dom_client.js?v=e57639b2:19137:13)
[     264ms] ReferenceError: React is not defined
    at App (http://localhost:5173/src/App.jsx:73:5)
    at renderWithHooks (http://localhost:5173/node_modules/.vite/deps/react-dom_client.js?v=e57639b2:11548:26)
    at mountIndeterminateComponent (http://localhost:5173/node_modules/.vite/deps/react-dom_client.js?v=e57639b2:14926:21)
    at beginWork (http://localhost:5173/node_modules/.vite/deps/react-dom_client.js?v=e57639b2:15914:22)
    at HTMLUnknownElement.callCallback2 (http://localhost:5173/node_modules/.vite/deps/react-dom_client.js?v=e57639b2:3674:22)
    at Object.invokeGuardedCallbackDev (http://localhost:5173/node_modules/.vite/deps/react-dom_client.js?v=e57639b2:3699:24)
    at invokeGuardedCallback (http://localhost:5173/node_modules/.vite/deps/react-dom_client.js?v=e57639b2:3733:39)
    at beginWork$1 (http://localhost:5173/node_modules/.vite/deps/react-dom_client.js?v=e57639b2:19765:15)
    at performUnitOfWork (http://localhost:5173/node_modules/.vite/deps/react-dom_client.js?v=e57639b2:19201:20)
    at workLoopSync (http://localhost:5173/node_modules/.vite/deps/react-dom_client.js?v=e57639b2:19137:13)
[     265ms] [ERROR] The above error occurred in the <App> component:

    at App (http://localhost:5173/src/App.jsx:25:33)

Consider adding an error boundary to your tree to customize error handling behavior.
Visit https://reactjs.org/link/error-boundaries to learn more about error boundaries. @ http://localhost:5173/node_modules/.vite/deps/react-dom_client.js?v=e57639b2:14031
[     267ms] ReferenceError: React is not defined
    at App (http://localhost:5173/src/App.jsx:73:5)
    at renderWithHooks (http://localhost:5173/node_modules/.vite/deps/react-dom_client.js?v=e57639b2:11548:26)
    at mountIndeterminateComponent (http://localhost:5173/node_modules/.vite/deps/react-dom_client.js?v=e57639b2:14926:21)
    at beginWork (http://localhost:5173/node_modules/.vite/deps/react-dom_client.js?v=e57639b2:15914:22)
    at beginWork$1 (http://localhost:5173/node_modules/.vite/deps/react-dom_client.js?v=e57639b2:19753:22)
    at performUnitOfWork (http://localhost:5173/node_modules/.vite/deps/react-dom_client.js?v=e57639b2:19201:20)
    at workLoopSync (http://localhost:5173/node_modules/.vite/deps/react-dom_client.js?v=e57639b2:19137:13)
    at renderRootSync (http://localhost:5173/node_modules/.vite/deps/react-dom_client.js?v=e57639b2:19116:15)
    at recoverFromConcurrentError (http://localhost:5173/node_modules/.vite/deps/react-dom_client.js?v=e57639b2:18736:28)
    at performConcurrentWorkOnRoot (http://localhost:5173/node_modules/.vite/deps/react-dom_client.js?v=e57639b2:18684:30)
[     285ms] [ERROR] Failed to load resource: the server responded with a status of 404 (Not Found) @ http://localhost:5173/favicon.ico:0
[   14020ms] [INFO] %cDownload the React DevTools for a better development experience: https://reactjs.org/link/react-devtools font-weight:bold @ http://localhost:5173/node_modules/.vite/deps/react-dom_client.js?v=e57639b2:21550
[   14149ms] [VERBOSE] [DOM] Input elements should have autocomplete attributes (suggested: "new-password"): (More info: https://goo.gl/9p2vKq) @ http://localhost:5173/:0
[   14367ms] [WARNING] WebSocket connection to 'ws://localhost:4000/socket.io/?EIO=4&transport=websocket' failed: WebSocket is closed before the connection is established. @ http://localhost:5173/node_modules/.vite/deps/socket__io-client.js?v=e57639b2:1499
